node.exe : FAIL tests/http_utils.test.js
No C:\Program Files\nodejs\npx.ps1:29 caractere:3
+   & $NODE_EXE $NPX_CLI_JS $args
+   ~~~~~~~~~~~~~~~~~~~~~~~~~~~~~
    + CategoryInfo          : NotSpecified: (FAIL 
t    ests/http_utils.test.js:String) [], 
RemoteExcep    tion
    + FullyQualifiedErrorId : NativeCommandError
 
  HTTP Utils
    ÔêÜ getRequestInfo should extract client IP 
from X-Forwarded-For (9 ms)
    ├ù getRequestInfo should truncate extremely 
long IPs (DB Safety) (1 ms)
    ÔêÜ getRequestInfo should handle empty 
headers gracefully (1 ms)

  ÔùÅ HTTP Utils ÔÇ║ getRequestInfo should 
truncate extremely long IPs (DB Safety)

    TypeError: expect(...).toBeLessThanOrEqualTo 
is not a function

    [0m [90m 24 |[39m         }[33m;[39m
     [90m 25 |[39m         [36mconst[39m info 
[33m=[39m getRequestInfo(req)[33m;[39m
    [31m[1m>[22m[39m[90m 26 |[39m         ex
pect(info[33m.[39mip[33m.[39mlength)[33m.[39
mtoBeLessThanOrEqualTo([35m50[39m)[33m;[39m
     [90m    |[39m                              
  [31m[1m^[22m[39m
     [90m 27 |[39m         expect(info[33m.[39
mip)[33m.[39mtoBe(longIp[33m.[39msubstring([3
5m0[39m[33m,[39m [35m50[39m))[33m;[39m
     [90m 28 |[39m     })[33m;[39m
     [90m 29 |[39m[0m

      at Object.toBeLessThanOrEqualTo 
(tests/http_utils.test.js:26:32)

Test Suites: 1 failed, 1 total
Tests:       1 failed, 2 passed, 3 total
Snapshots:   0 total
Time:        0.775 s, estimated 1 s
Ran all test suites matching 
tests/http_utils.test.js.
